Submitting transaction 15000...
Command execution error: Error: endorsement failure during invoke. response: status:500 message:"the asset test15000 already exists" 

Failed to submit transaction 15000.
Submitting transaction 15001...
Command execution error: Error: endorsement failure during invoke. response: status:500 message:"the asset test15001 already exists" 

Failed to submit transaction 15001.
Submitting transaction 15002...
Command execution error: Error: endorsement failure during invoke. response: status:500 message:"the asset test15002 already exists" 

Failed to submit transaction 15002.
Submitting transaction 15003...
Command execution error: Error: endorsement failure during invoke. response: status:500 message:"the asset test15003 already exists" 

Failed to submit transaction 15003.
Submitting transaction 15004...
Command execution error: Error: endorsement failure during invoke. response: status:500 message:"the asset test15004 already exists" 

Failed to submit transaction 15004.
Submitting transaction 15005...
Command execution error: Error: endorsement failure during invoke. response: status:500 message:"the asset test15005 already exists" 

Failed to submit transaction 15005.
Submitting transaction 15006...
Command execution error: Error: endorsement failure during invoke. response: status:500 message:"the asset test15006 already exists" 

Failed to submit transaction 15006.
Submitting transaction 15007...
Command execution error: Error: endorsement failure during invoke. response: status:500 message:"the asset test15007 already exists" 

Failed to submit transaction 15007.
Submitting transaction 15008...
Command execution error: Error: endorsement failure during invoke. response: status:500 message:"the asset test15008 already exists" 

Failed to submit transaction 15008.
Submitting transaction 15009...
Command execution error: Error: endorsement failure during invoke. response: status:500 message:"the asset test15009 already exists" 

Failed to submit transaction 15009.
Submitting transaction 15010...
Command execution error: Error: endorsement failure during invoke. response: status:500 message:"the asset test15010 already exists" 

Failed to submit transaction 15010.
Submitting transaction 15011...
Command execution error: Error: endorsement failure during invoke. response: status:500 message:"the asset test15011 already exists" 

Failed to submit transaction 15011.
Submitting transaction 15012...
Command execution error: Error: endorsement failure during invoke. response: status:500 message:"the asset test15012 already exists" 

Failed to submit transaction 15012.
Submitting transaction 15013...
Command execution error: Error: endorsement failure during invoke. response: status:500 message:"the asset test15013 already exists" 

Failed to submit transaction 15013.
Submitting transaction 15014...
Command execution error: Error: endorsement failure during invoke. response: status:500 message:"the asset test15014 already exists" 

Failed to submit transaction 15014.
Submitting transaction 15015...
Command execution error: Error: endorsement failure during invoke. response: status:500 message:"the asset test15015 already exists" 

Failed to submit transaction 15015.
Submitting transaction 15016...
Command execution error: Error: endorsement failure during invoke. response: status:500 message:"the asset test15016 already exists" 

Failed to submit transaction 15016.
Submitting transaction 15017...
Command execution error: Error: endorsement failure during invoke. response: status:500 message:"the asset test15017 already exists" 

Failed to submit transaction 15017.
Submitting transaction 15018...
Command execution error: Error: endorsement failure during invoke. response: status:500 message:"the asset test15018 already exists" 

Failed to submit transaction 15018.
Submitting transaction 15019...
Command execution error: Error: endorsement failure during invoke. response: status:500 message:"the asset test15019 already exists" 

Failed to submit transaction 15019.
Submitting transaction 15020...
Command execution error: Error: endorsement failure during invoke. response: status:500 message:"the asset test15020 already exists" 

Failed to submit transaction 15020.
Submitting transaction 15021...
Command execution error: Error: endorsement failure during invoke. response: status:500 message:"the asset test15021 already exists" 

Failed to submit transaction 15021.
Submitting transaction 15022...
Command execution error: Error: endorsement failure during invoke. response: status:500 message:"the asset test15022 already exists" 

Failed to submit transaction 15022.
Submitting transaction 15023...
Command execution error: Error: endorsement failure during invoke. response: status:500 message:"the asset test15023 already exists" 

Failed to submit transaction 15023.
Submitting transaction 15024...
Command execution error: Error: endorsement failure during invoke. response: status:500 message:"the asset test15024 already exists" 

Failed to submit transaction 15024.
Submitting transaction 15025...
Command execution error: Error: endorsement failure during invoke. response: status:500 message:"the asset test15025 already exists" 

Failed to submit transaction 15025.
Submitting transaction 15026...
Command execution error: Error: endorsement failure during invoke. response: status:500 message:"the asset test15026 already exists" 

Failed to submit transaction 15026.
Submitting transaction 15027...
Command execution error: Error: endorsement failure during invoke. response: status:500 message:"the asset test15027 already exists" 

Failed to submit transaction 15027.
Submitting transaction 15028...
Command execution error: Error: endorsement failure during invoke. response: status:500 message:"the asset test15028 already exists" 

Failed to submit transaction 15028.
Submitting transaction 15029...
Command execution error: Error: endorsement failure during invoke. response: status:500 message:"the asset test15029 already exists" 

Failed to submit transaction 15029.
Submitting transaction 15030...
Command execution error: Error: endorsement failure during invoke. response: status:500 message:"the asset test15030 already exists" 

Failed to submit transaction 15030.
Submitting transaction 15031...
Command execution error: Error: endorsement failure during invoke. response: status:500 message:"the asset test15031 already exists" 

Failed to submit transaction 15031.
Submitting transaction 15032...
Command execution error: Error: endorsement failure during invoke. response: status:500 message:"the asset test15032 already exists" 

Failed to submit transaction 15032.
Submitting transaction 15033...
Command execution error: Error: endorsement failure during invoke. response: status:500 message:"the asset test15033 already exists" 

Failed to submit transaction 15033.
Submitting transaction 15034...
Command execution error: Error: endorsement failure during invoke. response: status:500 message:"the asset test15034 already exists" 

Failed to submit transaction 15034.
Submitting transaction 15035...
Command execution error: Error: endorsement failure during invoke. response: status:500 message:"the asset test15035 already exists" 

Failed to submit transaction 15035.
Submitting transaction 15036...
Command execution error: Error: endorsement failure during invoke. response: status:500 message:"the asset test15036 already exists" 

Failed to submit transaction 15036.
Submitting transaction 15037...
Command execution error: Error: endorsement failure during invoke. response: status:500 message:"the asset test15037 already exists" 

Failed to submit transaction 15037.
Submitting transaction 15038...
Command execution error: Error: endorsement failure during invoke. response: status:500 message:"the asset test15038 already exists" 

Failed to submit transaction 15038.
Submitting transaction 15039...
Command execution error: Error: endorsement failure during invoke. response: status:500 message:"the asset test15039 already exists" 

Failed to submit transaction 15039.
Submitting transaction 15040...
Transaction 15040 submitted successfully.
Submitting transaction 15041...
Transaction 15041 submitted successfully.
Submitting transaction 15042...
Transaction 15042 submitted successfully.
Submitting transaction 15043...
Transaction 15043 submitted successfully.
Submitting transaction 15044...
Transaction 15044 submitted successfully.
Submitting transaction 15045...
Transaction 15045 submitted successfully.
Submitting transaction 15046...
Transaction 15046 submitted successfully.
Submitting transaction 15047...
Transaction 15047 submitted successfully.
Submitting transaction 15048...
Transaction 15048 submitted successfully.
Submitting transaction 15049...
Transaction 15049 submitted successfully.
Submitting transaction 15050...
Transaction 15050 submitted successfully.
Submitting transaction 15051...
Transaction 15051 submitted successfully.
Submitting transaction 15052...
Transaction 15052 submitted successfully.
Submitting transaction 15053...
Transaction 15053 submitted successfully.
Submitting transaction 15054...
Transaction 15054 submitted successfully.
Submitting transaction 15055...
Transaction 15055 submitted successfully.
Submitting transaction 15056...
Transaction 15056 submitted successfully.
Submitting transaction 15057...
Transaction 15057 submitted successfully.
Submitting transaction 15058...
Transaction 15058 submitted successfully.
Submitting transaction 15059...
Transaction 15059 submitted successfully.
Submitting transaction 15060...
Transaction 15060 submitted successfully.
Submitting transaction 15061...
Transaction 15061 submitted successfully.
Submitting transaction 15062...
Transaction 15062 submitted successfully.
Submitting transaction 15063...
Transaction 15063 submitted successfully.
Submitting transaction 15064...
Transaction 15064 submitted successfully.
Submitting transaction 15065...
Transaction 15065 submitted successfully.
Submitting transaction 15066...
Transaction 15066 submitted successfully.
Submitting transaction 15067...
Transaction 15067 submitted successfully.
Submitting transaction 15068...
Transaction 15068 submitted successfully.
Submitting transaction 15069...
Transaction 15069 submitted successfully.
Submitting transaction 15070...
Transaction 15070 submitted successfully.
Submitting transaction 15071...
Transaction 15071 submitted successfully.
Submitting transaction 15072...
Transaction 15072 submitted successfully.
Submitting transaction 15073...
Transaction 15073 submitted successfully.
Submitting transaction 15074...
Transaction 15074 submitted successfully.
Submitting transaction 15075...
Transaction 15075 submitted successfully.
Submitting transaction 15076...
Transaction 15076 submitted successfully.
Submitting transaction 15077...
Transaction 15077 submitted successfully.
Submitting transaction 15078...
Transaction 15078 submitted successfully.
Submitting transaction 15079...
Transaction 15079 submitted successfully.
Submitting transaction 15080...
Transaction 15080 submitted successfully.
Submitting transaction 15081...
Transaction 15081 submitted successfully.
Submitting transaction 15082...
Transaction 15082 submitted successfully.
Submitting transaction 15083...
Transaction 15083 submitted successfully.
Submitting transaction 15084...
Transaction 15084 submitted successfully.
Submitting transaction 15085...
Transaction 15085 submitted successfully.
Submitting transaction 15086...
Transaction 15086 submitted successfully.
Submitting transaction 15087...
Transaction 15087 submitted successfully.
Submitting transaction 15088...
Transaction 15088 submitted successfully.
Submitting transaction 15089...
Transaction 15089 submitted successfully.
Submitting transaction 15090...
Transaction 15090 submitted successfully.
Submitting transaction 15091...
Transaction 15091 submitted successfully.
Submitting transaction 15092...
Transaction 15092 submitted successfully.
Submitting transaction 15093...
Transaction 15093 submitted successfully.
Submitting transaction 15094...
Transaction 15094 submitted successfully.
Submitting transaction 15095...
Transaction 15095 submitted successfully.
Submitting transaction 15096...
Transaction 15096 submitted successfully.
Submitting transaction 15097...
Transaction 15097 submitted successfully.
Submitting transaction 15098...
Transaction 15098 submitted successfully.
Submitting transaction 15099...
Transaction 15099 submitted successfully.
Submitting transaction 15100...
Transaction 15100 submitted successfully.
Submitting transaction 15101...
Transaction 15101 submitted successfully.
Submitting transaction 15102...
Transaction 15102 submitted successfully.
Submitting transaction 15103...
Transaction 15103 submitted successfully.
Submitting transaction 15104...
Transaction 15104 submitted successfully.
Submitting transaction 15105...
Transaction 15105 submitted successfully.
Submitting transaction 15106...
Transaction 15106 submitted successfully.
Submitting transaction 15107...
Transaction 15107 submitted successfully.
Submitting transaction 15108...
Transaction 15108 submitted successfully.
Submitting transaction 15109...
Transaction 15109 submitted successfully.
Submitting transaction 15110...
Transaction 15110 submitted successfully.
Submitting transaction 15111...
Transaction 15111 submitted successfully.
Submitting transaction 15112...
Transaction 15112 submitted successfully.
Submitting transaction 15113...
Transaction 15113 submitted successfully.
Submitting transaction 15114...
Transaction 15114 submitted successfully.
Submitting transaction 15115...
Transaction 15115 submitted successfully.
Submitting transaction 15116...
Transaction 15116 submitted successfully.
Submitting transaction 15117...
Transaction 15117 submitted successfully.
Submitting transaction 15118...
Transaction 15118 submitted successfully.
Submitting transaction 15119...
Transaction 15119 submitted successfully.
Submitting transaction 15120...
Transaction 15120 submitted successfully.
Submitting transaction 15121...
Transaction 15121 submitted successfully.
Submitting transaction 15122...
Transaction 15122 submitted successfully.
Submitting transaction 15123...
Transaction 15123 submitted successfully.
Submitting transaction 15124...
Transaction 15124 submitted successfully.
Submitting transaction 15125...
Transaction 15125 submitted successfully.
Submitting transaction 15126...
Transaction 15126 submitted successfully.
Submitting transaction 15127...
Transaction 15127 submitted successfully.
Submitting transaction 15128...
Transaction 15128 submitted successfully.
Submitting transaction 15129...
Transaction 15129 submitted successfully.
Submitting transaction 15130...
Transaction 15130 submitted successfully.
Submitting transaction 15131...
Transaction 15131 submitted successfully.
Submitting transaction 15132...
Transaction 15132 submitted successfully.
Submitting transaction 15133...
Transaction 15133 submitted successfully.
Submitting transaction 15134...
Transaction 15134 submitted successfully.
Submitting transaction 15135...
Transaction 15135 submitted successfully.
Submitting transaction 15136...
Transaction 15136 submitted successfully.
Submitting transaction 15137...
Transaction 15137 submitted successfully.
Submitting transaction 15138...
Transaction 15138 submitted successfully.
Submitting transaction 15139...
Transaction 15139 submitted successfully.
Submitting transaction 15140...
Transaction 15140 submitted successfully.
Submitting transaction 15141...
Transaction 15141 submitted successfully.
Submitting transaction 15142...
Transaction 15142 submitted successfully.
Submitting transaction 15143...
Transaction 15143 submitted successfully.
Submitting transaction 15144...
Transaction 15144 submitted successfully.
Submitting transaction 15145...
Transaction 15145 submitted successfully.
Submitting transaction 15146...
Transaction 15146 submitted successfully.
Submitting transaction 15147...
Transaction 15147 submitted successfully.
Submitting transaction 15148...
Transaction 15148 submitted successfully.
Submitting transaction 15149...
Transaction 15149 submitted successfully.
Submitting transaction 15150...
Transaction 15150 submitted successfully.
Submitting transaction 15151...
Transaction 15151 submitted successfully.
Submitting transaction 15152...
Transaction 15152 submitted successfully.
Submitting transaction 15153...
Transaction 15153 submitted successfully.
Submitting transaction 15154...
Transaction 15154 submitted successfully.
Submitting transaction 15155...
Transaction 15155 submitted successfully.
Submitting transaction 15156...
Transaction 15156 submitted successfully.
Submitting transaction 15157...
Transaction 15157 submitted successfully.
Submitting transaction 15158...
Transaction 15158 submitted successfully.
Submitting transaction 15159...
Transaction 15159 submitted successfully.
Submitting transaction 15160...
Transaction 15160 submitted successfully.
Submitting transaction 15161...
Transaction 15161 submitted successfully.
Submitting transaction 15162...
Transaction 15162 submitted successfully.
Submitting transaction 15163...
Transaction 15163 submitted successfully.
Submitting transaction 15164...
Transaction 15164 submitted successfully.
Submitting transaction 15165...
Transaction 15165 submitted successfully.
Submitting transaction 15166...
Transaction 15166 submitted successfully.
Submitting transaction 15167...
Transaction 15167 submitted successfully.
Submitting transaction 15168...
Transaction 15168 submitted successfully.
Submitting transaction 15169...
Transaction 15169 submitted successfully.
Submitting transaction 15170...
Transaction 15170 submitted successfully.
Submitting transaction 15171...
Transaction 15171 submitted successfully.
Submitting transaction 15172...
Transaction 15172 submitted successfully.
Submitting transaction 15173...
Transaction 15173 submitted successfully.
Submitting transaction 15174...
Transaction 15174 submitted successfully.
Submitting transaction 15175...
Transaction 15175 submitted successfully.
Submitting transaction 15176...
Transaction 15176 submitted successfully.
Submitting transaction 15177...
Transaction 15177 submitted successfully.
Submitting transaction 15178...
Transaction 15178 submitted successfully.
Submitting transaction 15179...
Transaction 15179 submitted successfully.
Submitting transaction 15180...
Transaction 15180 submitted successfully.
Submitting transaction 15181...
Transaction 15181 submitted successfully.
Submitting transaction 15182...
Transaction 15182 submitted successfully.
Submitting transaction 15183...
Transaction 15183 submitted successfully.
Submitting transaction 15184...
Transaction 15184 submitted successfully.
Submitting transaction 15185...
Transaction 15185 submitted successfully.
Submitting transaction 15186...
Transaction 15186 submitted successfully.
Submitting transaction 15187...
Transaction 15187 submitted successfully.
Submitting transaction 15188...
Transaction 15188 submitted successfully.
Submitting transaction 15189...
Transaction 15189 submitted successfully.
Submitting transaction 15190...
Transaction 15190 submitted successfully.
Submitting transaction 15191...
Transaction 15191 submitted successfully.
Submitting transaction 15192...
Transaction 15192 submitted successfully.
Submitting transaction 15193...
Transaction 15193 submitted successfully.
Submitting transaction 15194...
Transaction 15194 submitted successfully.
Submitting transaction 15195...
Transaction 15195 submitted successfully.
Submitting transaction 15196...
Transaction 15196 submitted successfully.
Submitting transaction 15197...
Transaction 15197 submitted successfully.
Submitting transaction 15198...
Transaction 15198 submitted successfully.
Submitting transaction 15199...
Transaction 15199 submitted successfully.
Submitting transaction 15200...
Transaction 15200 submitted successfully.
Submitting transaction 15201...
Transaction 15201 submitted successfully.
Submitting transaction 15202...
Transaction 15202 submitted successfully.
Submitting transaction 15203...
Transaction 15203 submitted successfully.
Submitting transaction 15204...
Transaction 15204 submitted successfully.
Submitting transaction 15205...
Transaction 15205 submitted successfully.
Submitting transaction 15206...
Transaction 15206 submitted successfully.
Submitting transaction 15207...
Transaction 15207 submitted successfully.
Submitting transaction 15208...
Transaction 15208 submitted successfully.
Submitting transaction 15209...
Transaction 15209 submitted successfully.
Submitting transaction 15210...
Transaction 15210 submitted successfully.
Submitting transaction 15211...
Transaction 15211 submitted successfully.
Submitting transaction 15212...
Transaction 15212 submitted successfully.
Submitting transaction 15213...
Transaction 15213 submitted successfully.
Submitting transaction 15214...
Transaction 15214 submitted successfully.
Submitting transaction 15215...
Transaction 15215 submitted successfully.
Submitting transaction 15216...
Transaction 15216 submitted successfully.
Submitting transaction 15217...
Transaction 15217 submitted successfully.
Submitting transaction 15218...
Transaction 15218 submitted successfully.
Submitting transaction 15219...
Transaction 15219 submitted successfully.
Submitting transaction 15220...
Transaction 15220 submitted successfully.
Submitting transaction 15221...
Transaction 15221 submitted successfully.
Submitting transaction 15222...
Transaction 15222 submitted successfully.
Submitting transaction 15223...
Transaction 15223 submitted successfully.
Submitting transaction 15224...
Transaction 15224 submitted successfully.
Submitting transaction 15225...
Transaction 15225 submitted successfully.
Submitting transaction 15226...
Transaction 15226 submitted successfully.
Submitting transaction 15227...
Transaction 15227 submitted successfully.
Submitting transaction 15228...
Transaction 15228 submitted successfully.
Submitting transaction 15229...
Transaction 15229 submitted successfully.
Submitting transaction 15230...
Transaction 15230 submitted successfully.
Submitting transaction 15231...
Transaction 15231 submitted successfully.
Submitting transaction 15232...
Transaction 15232 submitted successfully.
Submitting transaction 15233...
Transaction 15233 submitted successfully.
Submitting transaction 15234...
Transaction 15234 submitted successfully.
Submitting transaction 15235...
Transaction 15235 submitted successfully.
Submitting transaction 15236...
Transaction 15236 submitted successfully.
Submitting transaction 15237...
Transaction 15237 submitted successfully.
Submitting transaction 15238...
Transaction 15238 submitted successfully.
Submitting transaction 15239...
Transaction 15239 submitted successfully.
Submitting transaction 15240...
Transaction 15240 submitted successfully.
Submitting transaction 15241...
Transaction 15241 submitted successfully.
Submitting transaction 15242...
Transaction 15242 submitted successfully.
Submitting transaction 15243...
Transaction 15243 submitted successfully.
Submitting transaction 15244...
Transaction 15244 submitted successfully.
Submitting transaction 15245...
Transaction 15245 submitted successfully.
Submitting transaction 15246...
Transaction 15246 submitted successfully.
Submitting transaction 15247...
Transaction 15247 submitted successfully.
Submitting transaction 15248...
Transaction 15248 submitted successfully.
Submitting transaction 15249...
Transaction 15249 submitted successfully.
Submitting transaction 15250...
Transaction 15250 submitted successfully.
Submitting transaction 15251...
Transaction 15251 submitted successfully.
Submitting transaction 15252...
Transaction 15252 submitted successfully.
Submitting transaction 15253...
Transaction 15253 submitted successfully.
Submitting transaction 15254...
Transaction 15254 submitted successfully.
Submitting transaction 15255...
Transaction 15255 submitted successfully.
Submitting transaction 15256...
Transaction 15256 submitted successfully.
Submitting transaction 15257...
Transaction 15257 submitted successfully.
Submitting transaction 15258...
Transaction 15258 submitted successfully.
Submitting transaction 15259...
Transaction 15259 submitted successfully.
Submitting transaction 15260...
Transaction 15260 submitted successfully.
Submitting transaction 15261...
Transaction 15261 submitted successfully.
Submitting transaction 15262...
Transaction 15262 submitted successfully.
Submitting transaction 15263...
Transaction 15263 submitted successfully.
Submitting transaction 15264...
Transaction 15264 submitted successfully.
Submitting transaction 15265...
Transaction 15265 submitted successfully.
Submitting transaction 15266...
Transaction 15266 submitted successfully.
Submitting transaction 15267...
Transaction 15267 submitted successfully.
Submitting transaction 15268...
Transaction 15268 submitted successfully.
Submitting transaction 15269...
Transaction 15269 submitted successfully.
Submitting transaction 15270...
Transaction 15270 submitted successfully.
Submitting transaction 15271...
Transaction 15271 submitted successfully.
Submitting transaction 15272...
Transaction 15272 submitted successfully.
Submitting transaction 15273...
Transaction 15273 submitted successfully.
Submitting transaction 15274...
Transaction 15274 submitted successfully.
Submitting transaction 15275...
Transaction 15275 submitted successfully.
Submitting transaction 15276...
Transaction 15276 submitted successfully.
Submitting transaction 15277...
Transaction 15277 submitted successfully.
Submitting transaction 15278...
Transaction 15278 submitted successfully.
Submitting transaction 15279...
Transaction 15279 submitted successfully.
Submitting transaction 15280...
Transaction 15280 submitted successfully.
Submitting transaction 15281...
Transaction 15281 submitted successfully.
Submitting transaction 15282...
Transaction 15282 submitted successfully.
Submitting transaction 15283...
Transaction 15283 submitted successfully.
Submitting transaction 15284...
Transaction 15284 submitted successfully.
Submitting transaction 15285...
Transaction 15285 submitted successfully.
Submitting transaction 15286...
Transaction 15286 submitted successfully.
Submitting transaction 15287...
Transaction 15287 submitted successfully.
Submitting transaction 15288...
Transaction 15288 submitted successfully.
Submitting transaction 15289...
Transaction 15289 submitted successfully.
Submitting transaction 15290...
Transaction 15290 submitted successfully.
Submitting transaction 15291...
Transaction 15291 submitted successfully.
Submitting transaction 15292...
Transaction 15292 submitted successfully.
Submitting transaction 15293...
Transaction 15293 submitted successfully.
Submitting transaction 15294...
Transaction 15294 submitted successfully.
Submitting transaction 15295...
Transaction 15295 submitted successfully.
Submitting transaction 15296...
Transaction 15296 submitted successfully.
Submitting transaction 15297...
Transaction 15297 submitted successfully.
Submitting transaction 15298...
Transaction 15298 submitted successfully.
Submitting transaction 15299...
Transaction 15299 submitted successfully.
Submitting transaction 15300...
Transaction 15300 submitted successfully.
Submitting transaction 15301...
Transaction 15301 submitted successfully.
Submitting transaction 15302...
Transaction 15302 submitted successfully.
Submitting transaction 15303...
Transaction 15303 submitted successfully.
Submitting transaction 15304...
Transaction 15304 submitted successfully.
Submitting transaction 15305...
Transaction 15305 submitted successfully.
Submitting transaction 15306...
Transaction 15306 submitted successfully.
Submitting transaction 15307...
Transaction 15307 submitted successfully.
Submitting transaction 15308...
Transaction 15308 submitted successfully.
Submitting transaction 15309...
Transaction 15309 submitted successfully.
Submitting transaction 15310...
Transaction 15310 submitted successfully.
Submitting transaction 15311...
Transaction 15311 submitted successfully.
Submitting transaction 15312...
Transaction 15312 submitted successfully.
Submitting transaction 15313...
Transaction 15313 submitted successfully.
Submitting transaction 15314...
Transaction 15314 submitted successfully.
Submitting transaction 15315...
Transaction 15315 submitted successfully.
Submitting transaction 15316...
Transaction 15316 submitted successfully.
Submitting transaction 15317...
Transaction 15317 submitted successfully.
Submitting transaction 15318...
Transaction 15318 submitted successfully.
Submitting transaction 15319...
Transaction 15319 submitted successfully.
Submitting transaction 15320...
Transaction 15320 submitted successfully.
Submitting transaction 15321...
Transaction 15321 submitted successfully.
Submitting transaction 15322...
Transaction 15322 submitted successfully.
Submitting transaction 15323...
Transaction 15323 submitted successfully.
Submitting transaction 15324...
Transaction 15324 submitted successfully.
Submitting transaction 15325...
Transaction 15325 submitted successfully.
Submitting transaction 15326...
Transaction 15326 submitted successfully.
Submitting transaction 15327...
Transaction 15327 submitted successfully.
Submitting transaction 15328...
Transaction 15328 submitted successfully.
Submitting transaction 15329...
Transaction 15329 submitted successfully.
Submitting transaction 15330...
Transaction 15330 submitted successfully.
Submitting transaction 15331...
Transaction 15331 submitted successfully.
Submitting transaction 15332...
Transaction 15332 submitted successfully.
Submitting transaction 15333...
Transaction 15333 submitted successfully.
Submitting transaction 15334...
Transaction 15334 submitted successfully.
Submitting transaction 15335...
Transaction 15335 submitted successfully.
Submitting transaction 15336...
Transaction 15336 submitted successfully.
Submitting transaction 15337...
Transaction 15337 submitted successfully.
Submitting transaction 15338...
Transaction 15338 submitted successfully.
Submitting transaction 15339...
Transaction 15339 submitted successfully.
Submitting transaction 15340...
Transaction 15340 submitted successfully.
Submitting transaction 15341...
Transaction 15341 submitted successfully.
Submitting transaction 15342...
Transaction 15342 submitted successfully.
Submitting transaction 15343...
Transaction 15343 submitted successfully.
Submitting transaction 15344...
Transaction 15344 submitted successfully.
Submitting transaction 15345...
Transaction 15345 submitted successfully.
Submitting transaction 15346...
Transaction 15346 submitted successfully.
Submitting transaction 15347...
Transaction 15347 submitted successfully.
Submitting transaction 15348...
Transaction 15348 submitted successfully.
Submitting transaction 15349...
Transaction 15349 submitted successfully.
Submitting transaction 15350...
Transaction 15350 submitted successfully.
Submitting transaction 15351...
Transaction 15351 submitted successfully.
Submitting transaction 15352...
Transaction 15352 submitted successfully.
Submitting transaction 15353...
Transaction 15353 submitted successfully.
Submitting transaction 15354...
Transaction 15354 submitted successfully.
Submitting transaction 15355...
Transaction 15355 submitted successfully.
Submitting transaction 15356...
Transaction 15356 submitted successfully.
Submitting transaction 15357...
Transaction 15357 submitted successfully.
Submitting transaction 15358...
Transaction 15358 submitted successfully.
Submitting transaction 15359...
Transaction 15359 submitted successfully.
Submitting transaction 15360...
Transaction 15360 submitted successfully.
Submitting transaction 15361...
Transaction 15361 submitted successfully.
Submitting transaction 15362...
Transaction 15362 submitted successfully.
Submitting transaction 15363...
Transaction 15363 submitted successfully.
Submitting transaction 15364...
Transaction 15364 submitted successfully.
Submitting transaction 15365...
Transaction 15365 submitted successfully.
Submitting transaction 15366...
Transaction 15366 submitted successfully.
Submitting transaction 15367...
Transaction 15367 submitted successfully.
Submitting transaction 15368...
Transaction 15368 submitted successfully.
Submitting transaction 15369...
Transaction 15369 submitted successfully.
Submitting transaction 15370...
Transaction 15370 submitted successfully.
Submitting transaction 15371...
Transaction 15371 submitted successfully.
Submitting transaction 15372...
Transaction 15372 submitted successfully.
Submitting transaction 15373...
Transaction 15373 submitted successfully.
Submitting transaction 15374...
Transaction 15374 submitted successfully.
Submitting transaction 15375...
Transaction 15375 submitted successfully.
Submitting transaction 15376...
Transaction 15376 submitted successfully.
Submitting transaction 15377...
Transaction 15377 submitted successfully.
Submitting transaction 15378...
Transaction 15378 submitted successfully.
Submitting transaction 15379...
Transaction 15379 submitted successfully.
Submitting transaction 15380...
Transaction 15380 submitted successfully.
Submitting transaction 15381...
Transaction 15381 submitted successfully.
Submitting transaction 15382...
Transaction 15382 submitted successfully.
Submitting transaction 15383...
Transaction 15383 submitted successfully.
Submitting transaction 15384...
Transaction 15384 submitted successfully.
Submitting transaction 15385...
Transaction 15385 submitted successfully.
Submitting transaction 15386...
Transaction 15386 submitted successfully.
Submitting transaction 15387...
Transaction 15387 submitted successfully.
Submitting transaction 15388...
Transaction 15388 submitted successfully.
Submitting transaction 15389...
Transaction 15389 submitted successfully.
Submitting transaction 15390...
Transaction 15390 submitted successfully.
Submitting transaction 15391...
Transaction 15391 submitted successfully.
Submitting transaction 15392...
Transaction 15392 submitted successfully.
Submitting transaction 15393...
Transaction 15393 submitted successfully.
Submitting transaction 15394...
Transaction 15394 submitted successfully.
Submitting transaction 15395...
Transaction 15395 submitted successfully.
Submitting transaction 15396...
Transaction 15396 submitted successfully.
Submitting transaction 15397...
Transaction 15397 submitted successfully.
Submitting transaction 15398...
Transaction 15398 submitted successfully.
Submitting transaction 15399...
Transaction 15399 submitted successfully.
Submitting transaction 15400...
Transaction 15400 submitted successfully.
Submitting transaction 15401...
Transaction 15401 submitted successfully.
Submitting transaction 15402...
Transaction 15402 submitted successfully.
Submitting transaction 15403...
Transaction 15403 submitted successfully.
Submitting transaction 15404...
Transaction 15404 submitted successfully.
Submitting transaction 15405...
Transaction 15405 submitted successfully.
Submitting transaction 15406...
Transaction 15406 submitted successfully.
Submitting transaction 15407...
Transaction 15407 submitted successfully.
Submitting transaction 15408...
Transaction 15408 submitted successfully.
Submitting transaction 15409...
Transaction 15409 submitted successfully.
Submitting transaction 15410...
Transaction 15410 submitted successfully.
Submitting transaction 15411...
Transaction 15411 submitted successfully.
Submitting transaction 15412...
Transaction 15412 submitted successfully.
Submitting transaction 15413...
Transaction 15413 submitted successfully.
Submitting transaction 15414...
Transaction 15414 submitted successfully.
Submitting transaction 15415...
Transaction 15415 submitted successfully.
Submitting transaction 15416...
Transaction 15416 submitted successfully.
Submitting transaction 15417...
Transaction 15417 submitted successfully.
Submitting transaction 15418...
Transaction 15418 submitted successfully.
Submitting transaction 15419...
Transaction 15419 submitted successfully.
Submitting transaction 15420...
Transaction 15420 submitted successfully.
Submitting transaction 15421...
Transaction 15421 submitted successfully.
Submitting transaction 15422...
Transaction 15422 submitted successfully.
Submitting transaction 15423...
Transaction 15423 submitted successfully.
Submitting transaction 15424...
Transaction 15424 submitted successfully.
Submitting transaction 15425...
Transaction 15425 submitted successfully.
Submitting transaction 15426...
Transaction 15426 submitted successfully.
Submitting transaction 15427...
Transaction 15427 submitted successfully.
Submitting transaction 15428...
Transaction 15428 submitted successfully.
Submitting transaction 15429...
Transaction 15429 submitted successfully.
Submitting transaction 15430...
Transaction 15430 submitted successfully.
Submitting transaction 15431...
Transaction 15431 submitted successfully.
Submitting transaction 15432...
Transaction 15432 submitted successfully.
Submitting transaction 15433...
Transaction 15433 submitted successfully.
Submitting transaction 15434...
Transaction 15434 submitted successfully.
Submitting transaction 15435...
Transaction 15435 submitted successfully.
Submitting transaction 15436...
Transaction 15436 submitted successfully.
Submitting transaction 15437...
Transaction 15437 submitted successfully.
Submitting transaction 15438...
Transaction 15438 submitted successfully.
Submitting transaction 15439...
Transaction 15439 submitted successfully.
Submitting transaction 15440...
Transaction 15440 submitted successfully.
Submitting transaction 15441...
Transaction 15441 submitted successfully.
Submitting transaction 15442...
Transaction 15442 submitted successfully.
Submitting transaction 15443...
Transaction 15443 submitted successfully.
Submitting transaction 15444...
Transaction 15444 submitted successfully.
Submitting transaction 15445...
Transaction 15445 submitted successfully.
Submitting transaction 15446...
Transaction 15446 submitted successfully.
Submitting transaction 15447...
Transaction 15447 submitted successfully.
Submitting transaction 15448...
Transaction 15448 submitted successfully.
Submitting transaction 15449...
Transaction 15449 submitted successfully.
Submitting transaction 15450...
Transaction 15450 submitted successfully.
Submitting transaction 15451...
Transaction 15451 submitted successfully.
Submitting transaction 15452...
Transaction 15452 submitted successfully.
Submitting transaction 15453...
Transaction 15453 submitted successfully.
Submitting transaction 15454...
Transaction 15454 submitted successfully.
Submitting transaction 15455...
Transaction 15455 submitted successfully.
Submitting transaction 15456...
Transaction 15456 submitted successfully.
Submitting transaction 15457...
Transaction 15457 submitted successfully.
Submitting transaction 15458...
Transaction 15458 submitted successfully.
Submitting transaction 15459...
Transaction 15459 submitted successfully.
Submitting transaction 15460...
Transaction 15460 submitted successfully.
Submitting transaction 15461...
Transaction 15461 submitted successfully.
Submitting transaction 15462...
Transaction 15462 submitted successfully.
Submitting transaction 15463...
Transaction 15463 submitted successfully.
Submitting transaction 15464...
Transaction 15464 submitted successfully.
Submitting transaction 15465...
Transaction 15465 submitted successfully.
Submitting transaction 15466...
Transaction 15466 submitted successfully.
Submitting transaction 15467...
Transaction 15467 submitted successfully.
Submitting transaction 15468...
Transaction 15468 submitted successfully.
Submitting transaction 15469...
Transaction 15469 submitted successfully.
Submitting transaction 15470...
Transaction 15470 submitted successfully.
Submitting transaction 15471...
Transaction 15471 submitted successfully.
Submitting transaction 15472...
Transaction 15472 submitted successfully.
Submitting transaction 15473...
Transaction 15473 submitted successfully.
Submitting transaction 15474...
Transaction 15474 submitted successfully.
Submitting transaction 15475...
Transaction 15475 submitted successfully.
Submitting transaction 15476...
Transaction 15476 submitted successfully.
Submitting transaction 15477...
Transaction 15477 submitted successfully.
Submitting transaction 15478...
Transaction 15478 submitted successfully.
Submitting transaction 15479...
Transaction 15479 submitted successfully.
Submitting transaction 15480...
Transaction 15480 submitted successfully.
Submitting transaction 15481...
Transaction 15481 submitted successfully.
Submitting transaction 15482...
Transaction 15482 submitted successfully.
Submitting transaction 15483...
Transaction 15483 submitted successfully.
Submitting transaction 15484...
Transaction 15484 submitted successfully.
Submitting transaction 15485...
Transaction 15485 submitted successfully.
Submitting transaction 15486...
Transaction 15486 submitted successfully.
Submitting transaction 15487...
Transaction 15487 submitted successfully.
Submitting transaction 15488...
Transaction 15488 submitted successfully.
Submitting transaction 15489...
Transaction 15489 submitted successfully.
Submitting transaction 15490...
Transaction 15490 submitted successfully.
Submitting transaction 15491...
Transaction 15491 submitted successfully.
Submitting transaction 15492...
Transaction 15492 submitted successfully.
Submitting transaction 15493...
Transaction 15493 submitted successfully.
Submitting transaction 15494...
Transaction 15494 submitted successfully.
Submitting transaction 15495...
Transaction 15495 submitted successfully.
Submitting transaction 15496...
Transaction 15496 submitted successfully.
Submitting transaction 15497...
Transaction 15497 submitted successfully.
Submitting transaction 15498...
Transaction 15498 submitted successfully.
Submitting transaction 15499...
Transaction 15499 submitted successfully.
Submitting transaction 15500...
Transaction 15500 submitted successfully.
Submitting transaction 15501...
Transaction 15501 submitted successfully.
Submitting transaction 15502...
Transaction 15502 submitted successfully.
Submitting transaction 15503...
Transaction 15503 submitted successfully.
Submitting transaction 15504...
Transaction 15504 submitted successfully.
Submitting transaction 15505...
Transaction 15505 submitted successfully.
Submitting transaction 15506...
Transaction 15506 submitted successfully.
Submitting transaction 15507...
Transaction 15507 submitted successfully.
Submitting transaction 15508...
Transaction 15508 submitted successfully.
Submitting transaction 15509...
Transaction 15509 submitted successfully.
Submitting transaction 15510...
Transaction 15510 submitted successfully.
Submitting transaction 15511...
Transaction 15511 submitted successfully.
Submitting transaction 15512...
Transaction 15512 submitted successfully.
Submitting transaction 15513...
Transaction 15513 submitted successfully.
Submitting transaction 15514...
Transaction 15514 submitted successfully.
Submitting transaction 15515...
Transaction 15515 submitted successfully.
Submitting transaction 15516...
Transaction 15516 submitted successfully.
Submitting transaction 15517...
Transaction 15517 submitted successfully.
Submitting transaction 15518...
Transaction 15518 submitted successfully.
Submitting transaction 15519...
Transaction 15519 submitted successfully.
Submitting transaction 15520...
Transaction 15520 submitted successfully.
Submitting transaction 15521...
Transaction 15521 submitted successfully.
Submitting transaction 15522...
Transaction 15522 submitted successfully.
Submitting transaction 15523...
Transaction 15523 submitted successfully.
Submitting transaction 15524...
Transaction 15524 submitted successfully.
Submitting transaction 15525...
Transaction 15525 submitted successfully.
Submitting transaction 15526...
Transaction 15526 submitted successfully.
Submitting transaction 15527...
Transaction 15527 submitted successfully.
Submitting transaction 15528...
Transaction 15528 submitted successfully.
Submitting transaction 15529...
Transaction 15529 submitted successfully.
Submitting transaction 15530...
Transaction 15530 submitted successfully.
Submitting transaction 15531...
Transaction 15531 submitted successfully.
Submitting transaction 15532...
Transaction 15532 submitted successfully.
Submitting transaction 15533...
Transaction 15533 submitted successfully.
Submitting transaction 15534...
Transaction 15534 submitted successfully.
Submitting transaction 15535...
Transaction 15535 submitted successfully.
Submitting transaction 15536...
Transaction 15536 submitted successfully.
Submitting transaction 15537...
Transaction 15537 submitted successfully.
Submitting transaction 15538...
Transaction 15538 submitted successfully.
Submitting transaction 15539...
Transaction 15539 submitted successfully.
Submitting transaction 15540...
Transaction 15540 submitted successfully.
Submitting transaction 15541...
Transaction 15541 submitted successfully.
Submitting transaction 15542...
Transaction 15542 submitted successfully.
Submitting transaction 15543...
Transaction 15543 submitted successfully.
Submitting transaction 15544...
Transaction 15544 submitted successfully.
Submitting transaction 15545...
Transaction 15545 submitted successfully.
Submitting transaction 15546...
Transaction 15546 submitted successfully.
Submitting transaction 15547...
Transaction 15547 submitted successfully.
Submitting transaction 15548...
Transaction 15548 submitted successfully.
Submitting transaction 15549...
Transaction 15549 submitted successfully.
Submitting transaction 15550...
Transaction 15550 submitted successfully.
Submitting transaction 15551...
Transaction 15551 submitted successfully.
Submitting transaction 15552...
Transaction 15552 submitted successfully.
Submitting transaction 15553...
Transaction 15553 submitted successfully.
Submitting transaction 15554...
Transaction 15554 submitted successfully.
Submitting transaction 15555...
Transaction 15555 submitted successfully.
Submitting transaction 15556...
Transaction 15556 submitted successfully.
Submitting transaction 15557...
Transaction 15557 submitted successfully.
Submitting transaction 15558...
Transaction 15558 submitted successfully.
Submitting transaction 15559...
Transaction 15559 submitted successfully.
Submitting transaction 15560...
Transaction 15560 submitted successfully.
Submitting transaction 15561...
Transaction 15561 submitted successfully.
Submitting transaction 15562...
Transaction 15562 submitted successfully.
Submitting transaction 15563...
Transaction 15563 submitted successfully.
Submitting transaction 15564...
Transaction 15564 submitted successfully.
Submitting transaction 15565...
Transaction 15565 submitted successfully.
Submitting transaction 15566...
Transaction 15566 submitted successfully.
Submitting transaction 15567...
Transaction 15567 submitted successfully.
Submitting transaction 15568...
Transaction 15568 submitted successfully.
Submitting transaction 15569...
Transaction 15569 submitted successfully.
Submitting transaction 15570...
Transaction 15570 submitted successfully.
Submitting transaction 15571...
Transaction 15571 submitted successfully.
Submitting transaction 15572...
Transaction 15572 submitted successfully.
Submitting transaction 15573...
Transaction 15573 submitted successfully.
Submitting transaction 15574...
Transaction 15574 submitted successfully.
Submitting transaction 15575...
Transaction 15575 submitted successfully.
Submitting transaction 15576...
Transaction 15576 submitted successfully.
Submitting transaction 15577...
Transaction 15577 submitted successfully.
Submitting transaction 15578...
Transaction 15578 submitted successfully.
Submitting transaction 15579...
Transaction 15579 submitted successfully.
Submitting transaction 15580...
Transaction 15580 submitted successfully.
Submitting transaction 15581...
Transaction 15581 submitted successfully.
Submitting transaction 15582...
Transaction 15582 submitted successfully.
Submitting transaction 15583...
Transaction 15583 submitted successfully.
Submitting transaction 15584...
Transaction 15584 submitted successfully.
Submitting transaction 15585...
Transaction 15585 submitted successfully.
Submitting transaction 15586...
Transaction 15586 submitted successfully.
Submitting transaction 15587...
Transaction 15587 submitted successfully.
Submitting transaction 15588...
Transaction 15588 submitted successfully.
Submitting transaction 15589...
Transaction 15589 submitted successfully.
Submitting transaction 15590...
Transaction 15590 submitted successfully.
Submitting transaction 15591...
Transaction 15591 submitted successfully.
Submitting transaction 15592...
Transaction 15592 submitted successfully.
Submitting transaction 15593...
Transaction 15593 submitted successfully.
Submitting transaction 15594...
Transaction 15594 submitted successfully.
Submitting transaction 15595...
Transaction 15595 submitted successfully.
Submitting transaction 15596...
Transaction 15596 submitted successfully.
Submitting transaction 15597...
Transaction 15597 submitted successfully.
Submitting transaction 15598...
Transaction 15598 submitted successfully.
Submitting transaction 15599...
Transaction 15599 submitted successfully.
Submitting transaction 15600...
Transaction 15600 submitted successfully.
Submitting transaction 15601...
Transaction 15601 submitted successfully.
Submitting transaction 15602...
Transaction 15602 submitted successfully.
Submitting transaction 15603...
Transaction 15603 submitted successfully.
Submitting transaction 15604...
Transaction 15604 submitted successfully.
Submitting transaction 15605...
Transaction 15605 submitted successfully.
Submitting transaction 15606...
Transaction 15606 submitted successfully.
Submitting transaction 15607...
Transaction 15607 submitted successfully.
Submitting transaction 15608...
Transaction 15608 submitted successfully.
Submitting transaction 15609...
Transaction 15609 submitted successfully.
Submitting transaction 15610...
Transaction 15610 submitted successfully.
Submitting transaction 15611...
Transaction 15611 submitted successfully.
Submitting transaction 15612...
Transaction 15612 submitted successfully.
Submitting transaction 15613...
Transaction 15613 submitted successfully.
Submitting transaction 15614...
Transaction 15614 submitted successfully.
Submitting transaction 15615...
Transaction 15615 submitted successfully.
Submitting transaction 15616...
Transaction 15616 submitted successfully.
Submitting transaction 15617...
Transaction 15617 submitted successfully.
Submitting transaction 15618...
Transaction 15618 submitted successfully.
Submitting transaction 15619...
Transaction 15619 submitted successfully.
Submitting transaction 15620...
Transaction 15620 submitted successfully.
Submitting transaction 15621...
Transaction 15621 submitted successfully.
Submitting transaction 15622...
Transaction 15622 submitted successfully.
Submitting transaction 15623...
Transaction 15623 submitted successfully.
Submitting transaction 15624...
Transaction 15624 submitted successfully.
Submitting transaction 15625...
Transaction 15625 submitted successfully.
Submitting transaction 15626...
Transaction 15626 submitted successfully.
Submitting transaction 15627...
Transaction 15627 submitted successfully.
Submitting transaction 15628...
Transaction 15628 submitted successfully.
Submitting transaction 15629...
Transaction 15629 submitted successfully.
Submitting transaction 15630...
Transaction 15630 submitted successfully.
Submitting transaction 15631...
Transaction 15631 submitted successfully.
Submitting transaction 15632...
Transaction 15632 submitted successfully.
Submitting transaction 15633...
Transaction 15633 submitted successfully.
Submitting transaction 15634...
Transaction 15634 submitted successfully.
Submitting transaction 15635...
Transaction 15635 submitted successfully.
Submitting transaction 15636...
Transaction 15636 submitted successfully.
Submitting transaction 15637...
Transaction 15637 submitted successfully.
Submitting transaction 15638...
Transaction 15638 submitted successfully.
Submitting transaction 15639...
Transaction 15639 submitted successfully.
Submitting transaction 15640...
Transaction 15640 submitted successfully.
Submitting transaction 15641...
Transaction 15641 submitted successfully.
Submitting transaction 15642...
Transaction 15642 submitted successfully.
Submitting transaction 15643...
Transaction 15643 submitted successfully.
Submitting transaction 15644...
Transaction 15644 submitted successfully.
Submitting transaction 15645...
Transaction 15645 submitted successfully.
Submitting transaction 15646...
Transaction 15646 submitted successfully.
Submitting transaction 15647...
Transaction 15647 submitted successfully.
Submitting transaction 15648...
Transaction 15648 submitted successfully.
Submitting transaction 15649...
Transaction 15649 submitted successfully.
Submitting transaction 15650...
Transaction 15650 submitted successfully.
Submitting transaction 15651...
Transaction 15651 submitted successfully.
Submitting transaction 15652...
Transaction 15652 submitted successfully.
Submitting transaction 15653...
Transaction 15653 submitted successfully.
Submitting transaction 15654...
Transaction 15654 submitted successfully.
Submitting transaction 15655...
Transaction 15655 submitted successfully.
Submitting transaction 15656...
Transaction 15656 submitted successfully.
Submitting transaction 15657...
Transaction 15657 submitted successfully.
Submitting transaction 15658...
Transaction 15658 submitted successfully.
Submitting transaction 15659...
Transaction 15659 submitted successfully.
Submitting transaction 15660...
Transaction 15660 submitted successfully.
Submitting transaction 15661...
Transaction 15661 submitted successfully.
Submitting transaction 15662...
Transaction 15662 submitted successfully.
Submitting transaction 15663...
Transaction 15663 submitted successfully.
Submitting transaction 15664...
Transaction 15664 submitted successfully.
Submitting transaction 15665...
Transaction 15665 submitted successfully.
Submitting transaction 15666...
Transaction 15666 submitted successfully.
Submitting transaction 15667...
Transaction 15667 submitted successfully.
Submitting transaction 15668...
Transaction 15668 submitted successfully.
Submitting transaction 15669...
Transaction 15669 submitted successfully.
Submitting transaction 15670...
Transaction 15670 submitted successfully.
Submitting transaction 15671...
Transaction 15671 submitted successfully.
Submitting transaction 15672...
Transaction 15672 submitted successfully.
Submitting transaction 15673...
Transaction 15673 submitted successfully.
Submitting transaction 15674...
Transaction 15674 submitted successfully.
Submitting transaction 15675...
Transaction 15675 submitted successfully.
Submitting transaction 15676...
Transaction 15676 submitted successfully.
Submitting transaction 15677...
Transaction 15677 submitted successfully.
Submitting transaction 15678...
Transaction 15678 submitted successfully.
Submitting transaction 15679...
Transaction 15679 submitted successfully.
Submitting transaction 15680...
Transaction 15680 submitted successfully.
Submitting transaction 15681...
Transaction 15681 submitted successfully.
Submitting transaction 15682...
Transaction 15682 submitted successfully.
Submitting transaction 15683...
Transaction 15683 submitted successfully.
Submitting transaction 15684...
Transaction 15684 submitted successfully.
Submitting transaction 15685...
Transaction 15685 submitted successfully.
Submitting transaction 15686...
Transaction 15686 submitted successfully.
Submitting transaction 15687...
Transaction 15687 submitted successfully.
Submitting transaction 15688...
Transaction 15688 submitted successfully.
Submitting transaction 15689...
Transaction 15689 submitted successfully.
Submitting transaction 15690...
Transaction 15690 submitted successfully.
Submitting transaction 15691...
Transaction 15691 submitted successfully.
Submitting transaction 15692...
Transaction 15692 submitted successfully.
Submitting transaction 15693...
Transaction 15693 submitted successfully.
Submitting transaction 15694...
Transaction 15694 submitted successfully.
Submitting transaction 15695...
Transaction 15695 submitted successfully.
Submitting transaction 15696...
Transaction 15696 submitted successfully.
Submitting transaction 15697...
Transaction 15697 submitted successfully.
Submitting transaction 15698...
Transaction 15698 submitted successfully.
Submitting transaction 15699...
Transaction 15699 submitted successfully.
Submitting transaction 15700...
Transaction 15700 submitted successfully.
Submitting transaction 15701...
Transaction 15701 submitted successfully.
Submitting transaction 15702...
Transaction 15702 submitted successfully.
Submitting transaction 15703...
Transaction 15703 submitted successfully.
Submitting transaction 15704...
Transaction 15704 submitted successfully.
Submitting transaction 15705...
Transaction 15705 submitted successfully.
Submitting transaction 15706...
Transaction 15706 submitted successfully.
Submitting transaction 15707...
Transaction 15707 submitted successfully.
Submitting transaction 15708...
Transaction 15708 submitted successfully.
Submitting transaction 15709...
Transaction 15709 submitted successfully.
Submitting transaction 15710...
Transaction 15710 submitted successfully.
Submitting transaction 15711...
Transaction 15711 submitted successfully.
Submitting transaction 15712...
Transaction 15712 submitted successfully.
Submitting transaction 15713...
Transaction 15713 submitted successfully.
Submitting transaction 15714...
Transaction 15714 submitted successfully.
Submitting transaction 15715...
Transaction 15715 submitted successfully.
Submitting transaction 15716...
Transaction 15716 submitted successfully.
Submitting transaction 15717...
Transaction 15717 submitted successfully.
Submitting transaction 15718...
Transaction 15718 submitted successfully.
Submitting transaction 15719...
Transaction 15719 submitted successfully.
Submitting transaction 15720...
Transaction 15720 submitted successfully.
Submitting transaction 15721...
Transaction 15721 submitted successfully.
Submitting transaction 15722...
Transaction 15722 submitted successfully.
Submitting transaction 15723...
Transaction 15723 submitted successfully.
Submitting transaction 15724...
Transaction 15724 submitted successfully.
Submitting transaction 15725...
Transaction 15725 submitted successfully.
Submitting transaction 15726...
Transaction 15726 submitted successfully.
Submitting transaction 15727...
Transaction 15727 submitted successfully.
Submitting transaction 15728...
Transaction 15728 submitted successfully.
Submitting transaction 15729...
Transaction 15729 submitted successfully.
Submitting transaction 15730...
Transaction 15730 submitted successfully.
Submitting transaction 15731...
Transaction 15731 submitted successfully.
Submitting transaction 15732...
Transaction 15732 submitted successfully.
Submitting transaction 15733...
Transaction 15733 submitted successfully.
Submitting transaction 15734...
Transaction 15734 submitted successfully.
Submitting transaction 15735...
Transaction 15735 submitted successfully.
Submitting transaction 15736...
Transaction 15736 submitted successfully.
Submitting transaction 15737...
Transaction 15737 submitted successfully.
Submitting transaction 15738...
Transaction 15738 submitted successfully.
Submitting transaction 15739...
Transaction 15739 submitted successfully.
Submitting transaction 15740...
Transaction 15740 submitted successfully.
Submitting transaction 15741...
Transaction 15741 submitted successfully.
Submitting transaction 15742...
Transaction 15742 submitted successfully.
Submitting transaction 15743...
Transaction 15743 submitted successfully.
Submitting transaction 15744...
Transaction 15744 submitted successfully.
Submitting transaction 15745...
Transaction 15745 submitted successfully.
Submitting transaction 15746...
Transaction 15746 submitted successfully.
Submitting transaction 15747...
Transaction 15747 submitted successfully.
Submitting transaction 15748...
Transaction 15748 submitted successfully.
Submitting transaction 15749...
Transaction 15749 submitted successfully.
Submitting transaction 15750...
Transaction 15750 submitted successfully.
Submitting transaction 15751...
Transaction 15751 submitted successfully.
Submitting transaction 15752...
Transaction 15752 submitted successfully.
Submitting transaction 15753...
Transaction 15753 submitted successfully.
Submitting transaction 15754...
Transaction 15754 submitted successfully.
Submitting transaction 15755...
Transaction 15755 submitted successfully.
Submitting transaction 15756...
Transaction 15756 submitted successfully.
Submitting transaction 15757...
Transaction 15757 submitted successfully.
Submitting transaction 15758...
Transaction 15758 submitted successfully.
Submitting transaction 15759...
Transaction 15759 submitted successfully.
Submitting transaction 15760...
Transaction 15760 submitted successfully.
Submitting transaction 15761...
Transaction 15761 submitted successfully.
Submitting transaction 15762...
Transaction 15762 submitted successfully.
Submitting transaction 15763...
Transaction 15763 submitted successfully.
Submitting transaction 15764...
Transaction 15764 submitted successfully.
Submitting transaction 15765...
Transaction 15765 submitted successfully.
Submitting transaction 15766...
Transaction 15766 submitted successfully.
Submitting transaction 15767...
Transaction 15767 submitted successfully.
Submitting transaction 15768...
Transaction 15768 submitted successfully.
Submitting transaction 15769...
Transaction 15769 submitted successfully.
Submitting transaction 15770...
Transaction 15770 submitted successfully.
Submitting transaction 15771...
Transaction 15771 submitted successfully.
Submitting transaction 15772...
Transaction 15772 submitted successfully.
Submitting transaction 15773...
Transaction 15773 submitted successfully.
Submitting transaction 15774...
Transaction 15774 submitted successfully.
Submitting transaction 15775...
Transaction 15775 submitted successfully.
Submitting transaction 15776...
Transaction 15776 submitted successfully.
Submitting transaction 15777...
Transaction 15777 submitted successfully.
Submitting transaction 15778...
Transaction 15778 submitted successfully.
Submitting transaction 15779...
Transaction 15779 submitted successfully.
Submitting transaction 15780...
Transaction 15780 submitted successfully.
Submitting transaction 15781...
Transaction 15781 submitted successfully.
Submitting transaction 15782...
Transaction 15782 submitted successfully.
Submitting transaction 15783...
Transaction 15783 submitted successfully.
Submitting transaction 15784...
Transaction 15784 submitted successfully.
Submitting transaction 15785...
Transaction 15785 submitted successfully.
Submitting transaction 15786...
Transaction 15786 submitted successfully.
Submitting transaction 15787...
Transaction 15787 submitted successfully.
Submitting transaction 15788...
Transaction 15788 submitted successfully.
Submitting transaction 15789...
Transaction 15789 submitted successfully.
Submitting transaction 15790...
Transaction 15790 submitted successfully.
Submitting transaction 15791...
Transaction 15791 submitted successfully.
Submitting transaction 15792...
Transaction 15792 submitted successfully.
Submitting transaction 15793...
Transaction 15793 submitted successfully.
Submitting transaction 15794...
Transaction 15794 submitted successfully.
Submitting transaction 15795...
Transaction 15795 submitted successfully.
Submitting transaction 15796...
Transaction 15796 submitted successfully.
Submitting transaction 15797...
Transaction 15797 submitted successfully.
Submitting transaction 15798...
Transaction 15798 submitted successfully.
Submitting transaction 15799...
Transaction 15799 submitted successfully.
Submitting transaction 15800...
Transaction 15800 submitted successfully.
Submitting transaction 15801...
Transaction 15801 submitted successfully.
Submitting transaction 15802...
Transaction 15802 submitted successfully.
Submitting transaction 15803...
Transaction 15803 submitted successfully.
Submitting transaction 15804...
Transaction 15804 submitted successfully.
Submitting transaction 15805...
Transaction 15805 submitted successfully.
Submitting transaction 15806...
Transaction 15806 submitted successfully.
Submitting transaction 15807...
Transaction 15807 submitted successfully.
Submitting transaction 15808...
Transaction 15808 submitted successfully.
Submitting transaction 15809...
Transaction 15809 submitted successfully.
Submitting transaction 15810...
Transaction 15810 submitted successfully.
Submitting transaction 15811...
Transaction 15811 submitted successfully.
Submitting transaction 15812...
Transaction 15812 submitted successfully.
Submitting transaction 15813...
Transaction 15813 submitted successfully.
Submitting transaction 15814...
Transaction 15814 submitted successfully.
Submitting transaction 15815...
Transaction 15815 submitted successfully.
Submitting transaction 15816...
Transaction 15816 submitted successfully.
Submitting transaction 15817...
Transaction 15817 submitted successfully.
Submitting transaction 15818...
Transaction 15818 submitted successfully.
Submitting transaction 15819...
Transaction 15819 submitted successfully.
Submitting transaction 15820...
Transaction 15820 submitted successfully.
Submitting transaction 15821...
Transaction 15821 submitted successfully.
Submitting transaction 15822...
Transaction 15822 submitted successfully.
Submitting transaction 15823...
Transaction 15823 submitted successfully.
Submitting transaction 15824...
Transaction 15824 submitted successfully.
Submitting transaction 15825...
Transaction 15825 submitted successfully.
Submitting transaction 15826...
Transaction 15826 submitted successfully.
Submitting transaction 15827...
Transaction 15827 submitted successfully.
Submitting transaction 15828...
Transaction 15828 submitted successfully.
Submitting transaction 15829...
Transaction 15829 submitted successfully.
Submitting transaction 15830...
Transaction 15830 submitted successfully.
Submitting transaction 15831...
Transaction 15831 submitted successfully.
Submitting transaction 15832...
Transaction 15832 submitted successfully.
Submitting transaction 15833...
Transaction 15833 submitted successfully.
Submitting transaction 15834...
Transaction 15834 submitted successfully.
Submitting transaction 15835...
Transaction 15835 submitted successfully.
Submitting transaction 15836...
Transaction 15836 submitted successfully.
Submitting transaction 15837...
Transaction 15837 submitted successfully.
Submitting transaction 15838...
Transaction 15838 submitted successfully.
Submitting transaction 15839...
Transaction 15839 submitted successfully.
Submitting transaction 15840...
Transaction 15840 submitted successfully.
Submitting transaction 15841...
Transaction 15841 submitted successfully.
Submitting transaction 15842...
Transaction 15842 submitted successfully.
Submitting transaction 15843...
Transaction 15843 submitted successfully.
Submitting transaction 15844...
Transaction 15844 submitted successfully.
Submitting transaction 15845...
Transaction 15845 submitted successfully.
Submitting transaction 15846...
Transaction 15846 submitted successfully.
Submitting transaction 15847...
Transaction 15847 submitted successfully.
Submitting transaction 15848...
Transaction 15848 submitted successfully.
Submitting transaction 15849...
Transaction 15849 submitted successfully.
Submitting transaction 15850...
Transaction 15850 submitted successfully.
Submitting transaction 15851...
Transaction 15851 submitted successfully.
Submitting transaction 15852...
Transaction 15852 submitted successfully.
Submitting transaction 15853...
Transaction 15853 submitted successfully.
Submitting transaction 15854...
Transaction 15854 submitted successfully.
Submitting transaction 15855...
Transaction 15855 submitted successfully.
Submitting transaction 15856...
Transaction 15856 submitted successfully.
Submitting transaction 15857...
Transaction 15857 submitted successfully.
Submitting transaction 15858...
Transaction 15858 submitted successfully.
Submitting transaction 15859...
Transaction 15859 submitted successfully.
Submitting transaction 15860...
Transaction 15860 submitted successfully.
Submitting transaction 15861...
Transaction 15861 submitted successfully.
Submitting transaction 15862...
Transaction 15862 submitted successfully.
Submitting transaction 15863...
Transaction 15863 submitted successfully.
Submitting transaction 15864...
Transaction 15864 submitted successfully.
Submitting transaction 15865...
Transaction 15865 submitted successfully.
Submitting transaction 15866...
Transaction 15866 submitted successfully.
Submitting transaction 15867...
Transaction 15867 submitted successfully.
Submitting transaction 15868...
Transaction 15868 submitted successfully.
Submitting transaction 15869...
Transaction 15869 submitted successfully.
Submitting transaction 15870...
Transaction 15870 submitted successfully.
Submitting transaction 15871...
Transaction 15871 submitted successfully.
Submitting transaction 15872...
Transaction 15872 submitted successfully.
Submitting transaction 15873...
Transaction 15873 submitted successfully.
Submitting transaction 15874...
Transaction 15874 submitted successfully.
Submitting transaction 15875...
Transaction 15875 submitted successfully.
Submitting transaction 15876...
Transaction 15876 submitted successfully.
Submitting transaction 15877...
Transaction 15877 submitted successfully.
Submitting transaction 15878...
Transaction 15878 submitted successfully.
Submitting transaction 15879...
Transaction 15879 submitted successfully.
Submitting transaction 15880...
Transaction 15880 submitted successfully.
Submitting transaction 15881...
Transaction 15881 submitted successfully.
Submitting transaction 15882...
Transaction 15882 submitted successfully.
Submitting transaction 15883...
Transaction 15883 submitted successfully.
Submitting transaction 15884...
Transaction 15884 submitted successfully.
Submitting transaction 15885...
Transaction 15885 submitted successfully.
Submitting transaction 15886...
Transaction 15886 submitted successfully.
Submitting transaction 15887...
Transaction 15887 submitted successfully.
Submitting transaction 15888...
Transaction 15888 submitted successfully.
Submitting transaction 15889...
Transaction 15889 submitted successfully.
Submitting transaction 15890...
Transaction 15890 submitted successfully.
Submitting transaction 15891...
Transaction 15891 submitted successfully.
Submitting transaction 15892...
Transaction 15892 submitted successfully.
Submitting transaction 15893...
Transaction 15893 submitted successfully.
Submitting transaction 15894...
Transaction 15894 submitted successfully.
Submitting transaction 15895...
Transaction 15895 submitted successfully.
Submitting transaction 15896...
Transaction 15896 submitted successfully.
Submitting transaction 15897...
Transaction 15897 submitted successfully.
Submitting transaction 15898...
Transaction 15898 submitted successfully.
Submitting transaction 15899...
Transaction 15899 submitted successfully.
Submitting transaction 15900...
Transaction 15900 submitted successfully.
Submitting transaction 15901...
Transaction 15901 submitted successfully.
Submitting transaction 15902...
Transaction 15902 submitted successfully.
Submitting transaction 15903...
Transaction 15903 submitted successfully.
Submitting transaction 15904...
Transaction 15904 submitted successfully.
Submitting transaction 15905...
Transaction 15905 submitted successfully.
Submitting transaction 15906...
Transaction 15906 submitted successfully.
Submitting transaction 15907...
Transaction 15907 submitted successfully.
Submitting transaction 15908...
Transaction 15908 submitted successfully.
Submitting transaction 15909...
Transaction 15909 submitted successfully.
Submitting transaction 15910...
Transaction 15910 submitted successfully.
Submitting transaction 15911...
Transaction 15911 submitted successfully.
Submitting transaction 15912...
Transaction 15912 submitted successfully.
Submitting transaction 15913...
Transaction 15913 submitted successfully.
Submitting transaction 15914...
Transaction 15914 submitted successfully.
Submitting transaction 15915...
Transaction 15915 submitted successfully.
Submitting transaction 15916...
Transaction 15916 submitted successfully.
Submitting transaction 15917...
Transaction 15917 submitted successfully.
Submitting transaction 15918...
Transaction 15918 submitted successfully.
Submitting transaction 15919...
Transaction 15919 submitted successfully.
Submitting transaction 15920...
Transaction 15920 submitted successfully.
Submitting transaction 15921...
Transaction 15921 submitted successfully.
Submitting transaction 15922...
Transaction 15922 submitted successfully.
Submitting transaction 15923...
Transaction 15923 submitted successfully.
Submitting transaction 15924...
Transaction 15924 submitted successfully.
Submitting transaction 15925...
Transaction 15925 submitted successfully.
Submitting transaction 15926...
Transaction 15926 submitted successfully.
Submitting transaction 15927...
Transaction 15927 submitted successfully.
Submitting transaction 15928...
Transaction 15928 submitted successfully.
Submitting transaction 15929...
Transaction 15929 submitted successfully.
Submitting transaction 15930...
Transaction 15930 submitted successfully.
Submitting transaction 15931...
Transaction 15931 submitted successfully.
Submitting transaction 15932...
Transaction 15932 submitted successfully.
Submitting transaction 15933...
Transaction 15933 submitted successfully.
Submitting transaction 15934...
Transaction 15934 submitted successfully.
Submitting transaction 15935...
Transaction 15935 submitted successfully.
Submitting transaction 15936...
Transaction 15936 submitted successfully.
Submitting transaction 15937...
Transaction 15937 submitted successfully.
Submitting transaction 15938...
Transaction 15938 submitted successfully.
Submitting transaction 15939...
Transaction 15939 submitted successfully.
Submitting transaction 15940...
Transaction 15940 submitted successfully.
Submitting transaction 15941...
Transaction 15941 submitted successfully.
Submitting transaction 15942...
Transaction 15942 submitted successfully.
Submitting transaction 15943...
Transaction 15943 submitted successfully.
Submitting transaction 15944...
Transaction 15944 submitted successfully.
Submitting transaction 15945...
Transaction 15945 submitted successfully.
Submitting transaction 15946...
Transaction 15946 submitted successfully.
Submitting transaction 15947...
Transaction 15947 submitted successfully.
Submitting transaction 15948...
Transaction 15948 submitted successfully.
Submitting transaction 15949...
Transaction 15949 submitted successfully.
Submitting transaction 15950...
Transaction 15950 submitted successfully.
Submitting transaction 15951...
Transaction 15951 submitted successfully.
Submitting transaction 15952...
Transaction 15952 submitted successfully.
Submitting transaction 15953...
Transaction 15953 submitted successfully.
Submitting transaction 15954...
Transaction 15954 submitted successfully.
Submitting transaction 15955...
Transaction 15955 submitted successfully.
Submitting transaction 15956...
Transaction 15956 submitted successfully.
Submitting transaction 15957...
Transaction 15957 submitted successfully.
Submitting transaction 15958...
Transaction 15958 submitted successfully.
Submitting transaction 15959...
Transaction 15959 submitted successfully.
Submitting transaction 15960...
Transaction 15960 submitted successfully.
Submitting transaction 15961...
Transaction 15961 submitted successfully.
Submitting transaction 15962...
Transaction 15962 submitted successfully.
Submitting transaction 15963...
Transaction 15963 submitted successfully.
Submitting transaction 15964...
Transaction 15964 submitted successfully.
Submitting transaction 15965...
Transaction 15965 submitted successfully.
Submitting transaction 15966...
Transaction 15966 submitted successfully.
Submitting transaction 15967...
Transaction 15967 submitted successfully.
Submitting transaction 15968...
Transaction 15968 submitted successfully.
Submitting transaction 15969...
Transaction 15969 submitted successfully.
Submitting transaction 15970...
Transaction 15970 submitted successfully.
Submitting transaction 15971...
Transaction 15971 submitted successfully.
Submitting transaction 15972...
Transaction 15972 submitted successfully.
Submitting transaction 15973...
Transaction 15973 submitted successfully.
Submitting transaction 15974...
Transaction 15974 submitted successfully.
Submitting transaction 15975...
Transaction 15975 submitted successfully.
Submitting transaction 15976...
Transaction 15976 submitted successfully.
Submitting transaction 15977...
Transaction 15977 submitted successfully.
Submitting transaction 15978...
Transaction 15978 submitted successfully.
Submitting transaction 15979...
Transaction 15979 submitted successfully.
Submitting transaction 15980...
Transaction 15980 submitted successfully.
Submitting transaction 15981...
Transaction 15981 submitted successfully.
Submitting transaction 15982...
Transaction 15982 submitted successfully.
Submitting transaction 15983...
Transaction 15983 submitted successfully.
Submitting transaction 15984...
Transaction 15984 submitted successfully.
Submitting transaction 15985...
Transaction 15985 submitted successfully.
Submitting transaction 15986...
Transaction 15986 submitted successfully.
Submitting transaction 15987...
Transaction 15987 submitted successfully.
Submitting transaction 15988...
Transaction 15988 submitted successfully.
Submitting transaction 15989...
Transaction 15989 submitted successfully.
Submitting transaction 15990...
Transaction 15990 submitted successfully.
Submitting transaction 15991...
Transaction 15991 submitted successfully.
Submitting transaction 15992...
Transaction 15992 submitted successfully.
Submitting transaction 15993...
Transaction 15993 submitted successfully.
Submitting transaction 15994...
Transaction 15994 submitted successfully.
Submitting transaction 15995...
Transaction 15995 submitted successfully.
Submitting transaction 15996...
Transaction 15996 submitted successfully.
Submitting transaction 15997...
Transaction 15997 submitted successfully.
Submitting transaction 15998...
Transaction 15998 submitted successfully.
Submitting transaction 15999...
Transaction 15999 submitted successfully.
All transactions have been submitted.
